[e7.m24.top/wjdc4/index.html]
[backblue.gif]
[fade.gif]
[index.html]
[e7.m24.top/wjdc4/li.css]
[e7.m24.top/jump.js]
[sf5-hl-cdn-tos.douyinstatic.com/obj/ies-music/7415606916367272767.mp3]
[sf5-hl-cdn-tos.douyinstatic.com/obj/ies-music/7210339637892549434.mp3]
[mp.weixin.qq.com/s/EYGKOHJbj6B5eViShaKAIg.5.delayed]
[mp.weixin.qq.com/mp/wappoc_appmsgcaptcha2c39.html]
[dy.dw0.cn/uploads/20250222/2e3ef643fa797be6e5062615d75d5c6d.gif_; filename_=utf-8''2e3ef643fa797be6e5062615d75d5c6d.gif]
[e7.m24.top/wjdc4/index.html]
[e7.m24.top/wjdc4/li.css]
[sdk.51.la/js-sdk-pro.min.js]
[res.wx.qq.com/a/wx_fed/assets/res/OTE0YTAw.png]
[res.wx.qq.com/t/wx_fed/weui-source/res/2.5.14/weui.min.css]
[res.wx.qq.com/mmbizwap/en_US/htmledition/style/page/secitptpage/verify75ee07.css]
[res.wx.qq.com/mmbizwap/en_US/htmledition/js/lib/wa-helper.min75ee07.js]
[res.wx.qq.com/mmbizwap/en_US/htmledition/js/vconsole/3.2.2/vconsole.min75ee07.js]
[res.wx.qq.com/mmbizwap/en_US/htmledition/js/biz_wap/moon75ee07.js]
[res.wx.qq.com/mmbizwap/en_US/htmledition/js/vconsole/plugin/vconsole-mpopt/1.0.1/vconsole-mpopt75ee07.js]
[captcha.gtimg.com/TCaptcha.js]
[mp.weixin.qq.com/mp/wappoc_appmsgcaptcha2c39.html]
[e7.m24.top/wjdc4/Trident/index.html]
[e7.m24.top/wjdc4/Edge/index.html]
[e7.m24.top/wjdc4/js-sdk-pro.min.html]
[e7.m24.top/js-sdk-event.min076c.html]
[e7.m24.top/js-sdk-recorder.minec92.html]
[res.wx.qq.com/t/wx_fed/weui-source/res/2.5.14/weui.min.css]
[res.wx.qq.com/mmbizwap/en_US/htmledition/style/page/secitptpage/verify75ee07.css]
[res.wx.qq.com/mmbizwap/en_US/htmledition/js/lib/wa-helper.min75ee07.js]
[res.wx.qq.com/mmbizwap/en_US/htmledition/js/vconsole/3.2.2/vconsole.min75ee07.js]
[res.wx.qq.com/mmbizwap/en_US/htmledition/js/vconsole/plugin/vconsole-mpopt/1.0.1/vconsole-mpopt75ee07.js]
[res.wx.qq.com/mmbizwap/en_US/htmledition/js/biz_wap/moon75ee07.js]
